// Jest Snapshot v1, https://goo.gl/fbAQLP

exports[`Dialogplus Dialogplus.fire({content}) 1`] = `
<div
  class="dialogplus--root"
>
  <div
    class="dialogplus--backdrop"
  />
  <div
    class="dialogplus--dialog"
  >
    <div
      class="dialogplus--content"
    >
      <p>
        test
      </p>
    </div>
  </div>
</div>
`;
